iptables -t raw -D PREROUTING -p udp --sport 53 -s 127.0.0.53/32 -j CT --zone 1
iptables -t raw -D OUTPUT -p udp --dport 53 -d 127.0.0.53/32 -j CT --zone 2
iptables -t raw -D OUTPUT -p udp --sport 15053 -m owner --gid-owner 2 -j CT --zone 2
iptables -t raw -D OUTPUT -p udp --dport 53 -m owner --gid-owner 2 -j CT --zone 1
iptables -t raw -D OUTPUT -p udp --sport 15053 -m owner --gid-owner 1 -j CT --zone 2
iptables -t raw -D OUTPUT -p udp --dport 53 -m owner --gid-owner 1 -j CT --zone 1
iptables -t raw -D OUTPUT -p udp --sport 15053 -m owner --uid-owner 4 -j CT --zone 2
iptables -t raw -D OUTPUT -p udp --dport 53 -m owner --uid-owner 4 -j CT --zone 1
iptables -t raw -D OUTPUT -p udp --sport 15053 -m owner --uid-owner 3 -j CT --zone 2
iptables -t raw -D OUTPUT -p udp --dport 53 -m owner --uid-owner 3 -j CT --zone 1
iptables -t nat -D OUTPUT -p udp --dport 53 -d 127.0.0.53/32 -j REDIRECT --to-port 15053
iptables -t nat -D OUTPUT -p udp --dport 53 -m owner --gid-owner 2 -j RETURN
iptables -t nat -D OUTPUT -p udp --dport 53 -m owner --gid-owner 1 -j RETURN
iptables -t nat -D OUTPUT -p udp --dport 53 -m owner --uid-owner 4 -j RETURN
iptables -t nat -D OUTPUT -p udp --dport 53 -m owner --uid-owner 3 -j RETURN
iptables -t nat -D ISTIO_OUTPUT -o lo ! -d 127.0.0.1/32 -p tcp ! --dport 15008 -m owner --gid-owner 2 -j ISTIO_IN_REDIRECT
iptables -t nat -D ISTIO_OUTPUT -o lo ! -d 127.0.0.1/32 -p tcp ! --dport 15008 -m owner --gid-owner 1 -j ISTIO_IN_REDIRECT
iptables -t nat -D ISTIO_OUTPUT -o lo ! -d 127.0.0.1/32 -p tcp -m multiport ! --dports 53,15008 -m owner --uid-owner 4 -j ISTIO_IN_REDIRECT
iptables -t nat -D ISTIO_OUTPUT -o lo ! -d 127.0.0.1/32 -p tcp -m multiport ! --dports 53,15008 -m owner --uid-owner 3 -j ISTIO_IN_REDIRECT
iptables -t nat -D OUTPUT -p tcp -j ISTIO_OUTPUT
iptables -X ISTIO_OUTPUT
iptables -X ISTIO_IN_REDIRECT
iptables -X ISTIO_REDIRECT
iptables -X ISTIO_INBOUND
ip6tables -t raw -D PREROUTING -p udp --sport 53 -s ::127.0.0.53/128 -j CT --zone 1
ip6tables -t raw -D OUTPUT -p udp --dport 53 -d ::127.0.0.53/128 -j CT --zone 2
ip6tables -t raw -D OUTPUT -p udp --sport 15053 -m owner --gid-owner 2 -j CT --zone 2
ip6tables -t raw -D OUTPUT -p udp --dport 53 -m owner --gid-owner 2 -j CT --zone 1
ip6tables -t raw -D OUTPUT -p udp --sport 15053 -m owner --gid-owner 1 -j CT --zone 2
ip6tables -t raw -D OUTPUT -p udp --dport 53 -m owner --gid-owner 1 -j CT --zone 1
ip6tables -t raw -D OUTPUT -p udp --sport 15053 -m owner --uid-owner 4 -j CT --zone 2
ip6tables -t raw -D OUTPUT -p udp --dport 53 -m owner --uid-owner 4 -j CT --zone 1
ip6tables -t raw -D OUTPUT -p udp --sport 15053 -m owner --uid-owner 3 -j CT --zone 2
ip6tables -t raw -D OUTPUT -p udp --dport 53 -m owner --uid-owner 3 -j CT --zone 1
ip6tables -t nat -D OUTPUT -p udp --dport 53 -d ::127.0.0.53/128 -j REDIRECT --to-port 15053
ip6tables -t nat -D OUTPUT -p udp --dport 53 -m owner --gid-owner 2 -j RETURN
ip6tables -t nat -D OUTPUT -p udp --dport 53 -m owner --gid-owner 1 -j RETURN
ip6tables -t nat -D OUTPUT -p udp --dport 53 -m owner --uid-owner 4 -j RETURN
ip6tables -t nat -D OUTPUT -p udp --dport 53 -m owner --uid-owner 3 -j RETURN
ip6tables -t nat -D ISTIO_OUTPUT -o lo ! -d ::1/128 -p tcp ! --dport 15008 -m owner --gid-owner 2 -j ISTIO_IN_REDIRECT
ip6tables -t nat -D ISTIO_OUTPUT -o lo ! -d ::1/128 -p tcp ! --dport 15008 -m owner --gid-owner 1 -j ISTIO_IN_REDIRECT
ip6tables -t nat -D ISTIO_OUTPUT -o lo ! -d ::1/128 -p tcp -m multiport ! --dports 53,15008 -m owner --uid-owner 4 -j ISTIO_IN_REDIRECT
ip6tables -t nat -D ISTIO_OUTPUT -o lo ! -d ::1/128 -p tcp -m multiport ! --dports 53,15008 -m owner --uid-owner 3 -j ISTIO_IN_REDIRECT
ip6tables -t nat -D OUTPUT -p tcp -j ISTIO_OUTPUT
ip6tables -X ISTIO_OUTPUT
ip6tables -X ISTIO_IN_REDIRECT
ip6tables -X ISTIO_REDIRECT
ip6tables -X ISTIO_INBOUND